EN adder NULL C:/Users/jeanw/Desktop/VHDL/vhdl-serial/adder.vhd sub00/vhpl00 1574976661
EN subtractor NULL C:/Users/jeanw/Desktop/VHDL/vhdl-serial/subtractor.vhd sub00/vhpl02 1574976663
EN multiplier NULL C:/Users/jeanw/Desktop/VHDL/vhdl-serial/multiplier.vhd sub00/vhpl04 1574976736
AR multiplier behavioral C:/Users/jeanw/Desktop/VHDL/vhdl-serial/multiplier.vhd sub00/vhpl05 1574976724
AR subtractor behavioral C:/Users/jeanw/Desktop/VHDL/vhdl-serial/subtractor.vhd sub00/vhpl03 1574976664
AR adder behavioral C:/Users/jeanw/Desktop/VHDL/vhdl-serial/adder.vhd sub00/vhpl01 1574976662
