AR mux_2bits behavioral C:/Users/jeanw/Desktop/VHDL/vhdl-serial/mux_2bits.vhd sub00/vhpl11 1575762731
EN minimal_uart_core NULL C:/Users/jeanw/Desktop/VHDL/vhdl-serial/serial.vhd sub00/vhpl14 1575763051
EN adder NULL C:/Users/jeanw/Desktop/VHDL/vhdl-serial/adder.vhd sub00/vhpl00 1575762722
AR main behavioral C:/Users/m95952/Desktop/vhdl-serial-master/main.vhd sub00/vhpl19 1575415188
EN oper_block NULL C:/Users/jeanw/Desktop/VHDL/vhdl-serial/oper_block.vhd sub00/vhpl16 1575762732
AR ctrl_block behavioral C:/Users/jeanw/Desktop/VHDL/vhdl-serial/ctrl_block.vhd sub00/vhpl07 1575762340
EN divider NULL C:/Users/jeanw/Desktop/VHDL/vhdl-serial/divider.vhd sub00/vhpl08 1575762728
AR divider behavioral C:/Users/jeanw/Desktop/VHDL/vhdl-serial/divider.vhd sub00/vhpl09 1575762729
AR minimal_uart_core principal C:/Users/jeanw/Desktop/VHDL/vhdl-serial/serial.vhd sub00/vhpl15 1575763052
AR br_generator principal C:/Users/jeanw/Desktop/VHDL/vhdl-serial/BRG.vhd sub00/vhpl13 1575763050
EN subtractor NULL C:/Users/jeanw/Desktop/VHDL/vhdl-serial/subtractor.vhd sub00/vhpl02 1575762724
EN multiplier NULL C:/Users/jeanw/Desktop/VHDL/vhdl-serial/multiplier.vhd sub00/vhpl04 1575762726
EN main NULL C:/Users/m95952/Desktop/vhdl-serial-master/main.vhd sub00/vhpl18 1575415187
AR oper_block behavioral C:/Users/jeanw/Desktop/VHDL/vhdl-serial/oper_block.vhd sub00/vhpl17 1575762733
AR multiplier behavioral C:/Users/jeanw/Desktop/VHDL/vhdl-serial/multiplier.vhd sub00/vhpl05 1575762727
EN mux_2bits NULL C:/Users/jeanw/Desktop/VHDL/vhdl-serial/mux_2bits.vhd sub00/vhpl10 1575762730
AR subtractor behavioral C:/Users/jeanw/Desktop/VHDL/vhdl-serial/subtractor.vhd sub00/vhpl03 1575762725
EN br_generator NULL C:/Users/jeanw/Desktop/VHDL/vhdl-serial/BRG.vhd sub00/vhpl12 1575763049
EN ctrl_block NULL C:/Users/jeanw/Desktop/VHDL/vhdl-serial/ctrl_block.vhd sub00/vhpl06 1575762339
AR adder behavioral C:/Users/jeanw/Desktop/VHDL/vhdl-serial/adder.vhd sub00/vhpl01 1575762723
