EN adder NULL C:/Users/jeanw/Desktop/VHDL/vhdl-serial/adder.vhd sub00/vhpl00 1574976661
AR ctrl_block behavioral C:/Users/jeanw/Desktop/VHDL/vhdl-serial/ctrl_block.vhd sub00/vhpl07 1575229913
EN subtractor NULL C:/Users/jeanw/Desktop/VHDL/vhdl-serial/subtractor.vhd sub00/vhpl02 1574976663
EN multiplier NULL C:/Users/jeanw/Desktop/VHDL/vhdl-serial/multiplier.vhd sub00/vhpl04 1574976736
AR multiplier behavioral C:/Users/jeanw/Desktop/VHDL/vhdl-serial/multiplier.vhd sub00/vhpl05 1574976724
AR subtractor behavioral C:/Users/jeanw/Desktop/VHDL/vhdl-serial/subtractor.vhd sub00/vhpl03 1574976664
EN ctrl_block NULL C:/Users/jeanw/Desktop/VHDL/vhdl-serial/ctrl_block.vhd sub00/vhpl06 1575229912
AR adder behavioral C:/Users/jeanw/Desktop/VHDL/vhdl-serial/adder.vhd sub00/vhpl01 1574976662
